// Vitest Snapshot v1, https://vitest.dev/guide/snapshot.html

exports[`BudgetPage > matches snapshot 1`] = `<BudgetPage />`;
