// Vitest Snapshot v1, https://vitest.dev/guide/snapshot.html

exports[`StatCard > matches snapshot 1`] = `
<StatCard
  onAutoGoal={[MockFunction spy]}
  onChange={[MockFunction spy]}
  onShowGraphs={[MockFunction spy]}
/>
`;
