// Vitest Snapshot v1, https://vitest.dev/guide/snapshot.html

exports[`ChartsPage > matches snapshot 1`] = `
<BrowserRouter>
  <ChartsPage
    onShowGraphs={[MockFunction spy]}
  />
</BrowserRouter>
`;
