// Vitest Snapshot v1, https://vitest.dev/guide/snapshot.html

exports[`NavBar > matches snapshot 1`] = `<NavBar />`;
