// Vitest Snapshot v1, https://vitest.dev/guide/snapshot.html

exports[`Notification > matches snapshot 1`] = `
<Notification
  notification={
    {
      "body": "notification body",
      "id": "a",
      "show": true,
    }
  }
  onShow={[MockFunction spy]}
/>
`;
