// Vitest Snapshot v1, https://vitest.dev/guide/snapshot.html

exports[`CalculateButton > matches snapshot 1`] = `
<CalculateButton
  itemForm={
    ItemForm {
      "id": 1,
      "name": "name1",
      "value": 10,
    }
  }
  label="Expense"
  onCalculate={[MockFunction spy]}
/>
`;
