// Vitest Snapshot v1, https://vitest.dev/guide/snapshot.html

exports[`ErrorModal > matches snapshot 1`] = `<ErrorModal />`;
