// Vitest Snapshot v1, https://vitest.dev/guide/snapshot.html

exports[`ChartTooltip > matches snapshot 1`] = `
<ChartTooltip
  active={true}
  label="label"
  payload={
    [
      {
        "name": "name",
        "unit": "$",
        "value": 123,
      },
    ]
  }
/>
`;
