// Vitest Snapshot v1, https://vitest.dev/guide/snapshot.html

exports[`Loading > matches snapshot 1`] = `<Loading />`;
